Header of sequence 0(0) t1 (1964 sites)
Header of sequence 1(1) t2 (1964 sites)
Header of sequence 2(2) t3 (1964 sites)
Header of sequence 3(3) t4 (1964 sites)
Header of sequence 4(4) t5 (1964 sites)
Parsimony score: 600
|   
+--- t4 0 0
|   
+--- t5 1 1
|   
+---+ (null) 6 6
    |   
    +---+ (null) 5 5
    |   |   
    |   +--- t3 2 2
    |   |   
    |   +--- t1 3 3
    |   
    +--- t2 4 4
SCALE BUFFERS = 3

TRAVBUFFER: 0/-1/0  XX 1/-1/1  XX 2/-1/2  XX 3/-1/3  XX 5/0/5  XX 4/-1/4  XX 6/1/6  XX 7/2/0  XX 

MATRICES: 1 XX 2 XX 3 XX 5 XX 4 XX 6 XX 0 XX 

SCALERS: 2/-1 XX 3/-1 XX 5/0
5/0 XX 4/-1 XX 6/1
1/-1 XX 6/1 XX 7/2

Traversal size: 8
Operations: 3
Probability Matrices: 7
Log-L at (null)-t4: -5566.062194
