Header of sequence 0(0) t1 (1964 sites)
Header of sequence 1(1) t2 (1964 sites)
Header of sequence 2(2) t3 (1964 sites)
Header of sequence 3(3) t4 (1964 sites)
Header of sequence 4(4) t5 (1964 sites)
|   
+---+ (null) 7 5
|   |   
|   +--- t5 4 4
|   |   
|   +---+ (null) 6 6
|       |   
|       +--- t4 3 3
|       |   
|       +--- t1 0 0
|   
+--- t2 1 1
|   
+--- t3 2 2
SCALE BUFFERS = 3

TRAVBUFFER: 4/-1/4  XX 3/-1/3  XX 0/-1/0  XX 6/1/6  XX 7/2/5  XX 1/-1/1  XX 2/-1/2  XX 5/0/5  XX 

MATRICES: 4 XX 3 XX 0 XX 6 XX 1 XX 2 XX 5 XX 

SCALERS: 3/-1 XX 0/-1 XX 6/1
4/-1 XX 6/1 XX 7/2
1/-1 XX 2/-1 XX 5/0

Traversal size: 8
Operations: 3
Probability Matrices: 7
Log-L at (null)-(null): -5547.591442
