Testing Hamming distance:

*-------------------------------********************************
-*----------------------------------****************************
TEST #1: LIGHT SIDE:  31  29, HAMMING_DIST: 6

*----------------------
-*---------------------
TEST #1: LIGHT SIDE:   1   1, HAMMING_DIST: 2

Testing Transfer Boostrap Estimate (TBE):

TEST #1:
TBE: 1.000000 1.000000 1.000000 1.000000 0.800000 1.000000 1.000000 1.000000 1.000000 1.000000 1.000000 1.000000 1.000000 1.000000 1.000000 0.500000 1.000000 

TBE tree: (Woolly:0.020002,Spider:0.011960,(Howler:0.039216,(((Squirrel:0.049518,(Tamarin:0.018821,PMarmoset:0.018728)1.000000:0.016205)0.500000:0.002091,(Titi:0.019741,Saki:0.021834)1.000000:0.011977)1.000000:0.000736,(((Gorilla:0.005499,(Human:0.006679,Chimp:0.002087)1.000000:0.001286)1.000000:0.007082,(Gibbon:0.024077,Orangutan:0.012585)1.000000:0.001470)1.000000:0.013028,(Colobus:0.002766,(DLangur:0.004777,(Patas:0.011026,((Tant_cDNA:0.001331,AGM_cDNA:0.001339)1.000000:0.005162,(Rhes_cDNA:0.005954,Baboon:0.003122)1.000000:0.004131)1.000000:0.002501)1.000000:0.012356)0.800000:0.001236)1.000000:0.030647)1.000000:0.131158)1.000000:0.014750)1.000000:0.008604);

TEST #2:
TBE: 0.000000 0.000000 0.142857 0.166667 0.200000 0.250000 0.000000 0.000000 0.000000 0.000000 0.000000 0.000000 0.000000 0.000000 0.000000 0.000000 0.000000 

TBE tree: (Woolly:0.020002,Spider:0.011960,(Howler:0.039216,(((Squirrel:0.049518,(Tamarin:0.018821,PMarmoset:0.018728)0.000000:0.016205)0.000000:0.002091,(Titi:0.019741,Saki:0.021834)0.000000:0.011977)0.000000:0.000736,(((Gorilla:0.005499,(Human:0.006679,Chimp:0.002087)0.000000:0.001286)0.000000:0.007082,(Gibbon:0.024077,Orangutan:0.012585)0.000000:0.001470)0.000000:0.013028,(Colobus:0.002766,(DLangur:0.004777,(Patas:0.011026,((Tant_cDNA:0.001331,AGM_cDNA:0.001339)0.000000:0.005162,(Rhes_cDNA:0.005954,Baboon:0.003122)0.000000:0.004131)0.000000:0.002501)0.250000:0.012356)0.200000:0.001236)0.166667:0.030647)0.142857:0.131158)0.000000:0.014750)0.000000:0.008604);
